Archive member included because of file (symbol)

/usr/lib/gcc/avr/4.5.3/avr25/libgcc.a(_mulqi3.o)
                              main.o (__mulqi3)
/usr/lib/gcc/avr/4.5.3/avr25/libgcc.a(_divmodsi4.o)
                              main.o (__divmodsi4)
/usr/lib/gcc/avr/4.5.3/avr25/libgcc.a(_exit.o)
                              /usr/lib/gcc/avr/4.5.3/../../../avr/lib/avr25/crttn44.o (exit)
/usr/lib/gcc/avr/4.5.3/avr25/libgcc.a(_clear_bss.o)
                              main.o (__do_clear_bss)
/usr/lib/gcc/avr/4.5.3/avr25/libgcc.a(_udivmodsi4.o)
                              /usr/lib/gcc/avr/4.5.3/avr25/libgcc.a(_divmodsi4.o) (__udivmodsi4)
/usr/lib/gcc/avr/4.5.3/../../../avr/lib/avr25/libc.a(memcpy.o)
                              main.o (memcpy)
/usr/lib/gcc/avr/4.5.3/../../../avr/lib/avr25/libc.a(memset.o)
                              main.o (memset)
/usr/lib/gcc/avr/4.5.3/../../../avr/lib/avr25/libc.a(eerd_block_attiny44.o)
                              main.o (__eerd_block_tn44)
/usr/lib/gcc/avr/4.5.3/../../../avr/lib/avr25/libc.a(eerd_byte_attiny44.o)
                              main.o (__eerd_byte_tn44)
/usr/lib/gcc/avr/4.5.3/../../../avr/lib/avr25/libc.a(eewr_block_attiny44.o)
                              main.o (__eewr_block_tn44)
/usr/lib/gcc/avr/4.5.3/../../../avr/lib/avr25/libc.a(eewr_byte_attiny44.o)
                              main.o (__eewr_byte_tn44)

Memory Configuration

Name             Origin             Length             Attributes
text             0x0000000000000000 0x0000000000002000 xr
data             0x0000000000800060 0x000000000000ffa0 rw !x
eeprom           0x0000000000810000 0x0000000000010000 rw !x
fuse             0x0000000000820000 0x0000000000000400 rw !x
lock             0x0000000000830000 0x0000000000000400 rw !x
signature        0x0000000000840000 0x0000000000000400 rw !x
*default*        0x0000000000000000 0xffffffffffffffff

Linker script and memory map

LOAD /usr/lib/gcc/avr/4.5.3/../../../avr/lib/avr25/crttn44.o
LOAD main.o
LOAD /usr/lib/gcc/avr/4.5.3/avr25/libgcc.a
LOAD /usr/lib/gcc/avr/4.5.3/../../../avr/lib/avr25/libc.a
LOAD /usr/lib/gcc/avr/4.5.3/avr25/libgcc.a

.hash
 *(.hash)

.dynsym
 *(.dynsym)

.dynstr
 *(.dynstr)

.gnu.version
 *(.gnu.version)

.gnu.version_d
 *(.gnu.version_d)

.gnu.version_r
 *(.gnu.version_r)

.rel.init
 *(.rel.init)

.rela.init
 *(.rela.init)

.rel.text
 *(.rel.text)
 *(.rel.text.*)
 *(.rel.gnu.linkonce.t*)

.rela.text
 *(.rela.text)
 *(.rela.text.*)
 *(.rela.gnu.linkonce.t*)

.rel.fini
 *(.rel.fini)

.rela.fini
 *(.rela.fini)

.rel.rodata
 *(.rel.rodata)
 *(.rel.rodata.*)
 *(.rel.gnu.linkonce.r*)

.rela.rodata
 *(.rela.rodata)
 *(.rela.rodata.*)
 *(.rela.gnu.linkonce.r*)

.rel.data
 *(.rel.data)
 *(.rel.data.*)
 *(.rel.gnu.linkonce.d*)

.rela.data
 *(.rela.data)
 *(.rela.data.*)
 *(.rela.gnu.linkonce.d*)

.rel.ctors
 *(.rel.ctors)

.rela.ctors
 *(.rela.ctors)

.rel.dtors
 *(.rel.dtors)

.rela.dtors
 *(.rela.dtors)

.rel.got
 *(.rel.got)

.rela.got
 *(.rela.got)

.rel.bss
 *(.rel.bss)

.rela.bss
 *(.rela.bss)

.rel.plt
 *(.rel.plt)

.rela.plt
 *(.rela.plt)

.text           0x0000000000000000      0x974
 *(.vectors)
 .vectors       0x0000000000000000       0x22 /usr/lib/gcc/avr/4.5.3/../../../avr/lib/avr25/crttn44.o
                0x0000000000000000                __vectors
                0x0000000000000000                __vector_default
 *(.vectors)
 *(.progmem.gcc*)
 *(.progmem*)
 .progmem.data  0x0000000000000022       0xdd main.o
                0x0000000000000022                font_table
                0x00000000000000ef                led_port_code
                0x0000000000000100                . = ALIGN (0x2)
 *fill*         0x00000000000000ff        0x1 00
                0x0000000000000100                __trampolines_start = .
 *(.trampolines)
 .trampolines   0x0000000000000100        0x0 linker stubs
 *(.trampolines*)
                0x0000000000000100                __trampolines_end = .
 *(.jumptables)
 *(.jumptables*)
 *(.lowtext)
 *(.lowtext*)
                0x0000000000000100                __ctors_start = .
 *(.ctors)
                0x0000000000000100                __ctors_end = .
                0x0000000000000100                __dtors_start = .
 *(.dtors)
                0x0000000000000100                __dtors_end = .
 SORT(*)(.ctors)
 SORT(*)(.dtors)
 *(.init0)
 .init0         0x0000000000000100        0x0 /usr/lib/gcc/avr/4.5.3/../../../avr/lib/avr25/crttn44.o
                0x0000000000000100                __init
 *(.init0)
 *(.init1)
 *(.init1)
 *(.init2)
 .init2         0x0000000000000100        0xc /usr/lib/gcc/avr/4.5.3/../../../avr/lib/avr25/crttn44.o
 *(.init2)
 *(.init3)
 *(.init3)
 *(.init4)
 .init4         0x000000000000010c       0x10 /usr/lib/gcc/avr/4.5.3/avr25/libgcc.a(_clear_bss.o)
                0x000000000000010c                __do_clear_bss
 *(.init4)
 *(.init5)
 *(.init5)
 *(.init6)
 *(.init6)
 *(.init7)
 *(.init7)
 *(.init8)
 *(.init8)
 *(.init9)
 .init9         0x000000000000011c        0x4 /usr/lib/gcc/avr/4.5.3/../../../avr/lib/avr25/crttn44.o
 *(.init9)
 *(.text)
 .text          0x0000000000000120        0x2 /usr/lib/gcc/avr/4.5.3/../../../avr/lib/avr25/crttn44.o
                0x0000000000000120                __vector_1
                0x0000000000000120                __vector_12
                0x0000000000000120                __bad_interrupt
                0x0000000000000120                __vector_6
                0x0000000000000120                __vector_3
                0x0000000000000120                __vector_11
                0x0000000000000120                __vector_13
                0x0000000000000120                __vector_7
                0x0000000000000120                __vector_5
                0x0000000000000120                __vector_4
                0x0000000000000120                __vector_9
                0x0000000000000120                __vector_2
                0x0000000000000120                __vector_15
                0x0000000000000120                __vector_8
                0x0000000000000120                __vector_14
                0x0000000000000120                __vector_10
                0x0000000000000120                __vector_16
 .text          0x0000000000000122      0x748 main.o
                0x00000000000001d2                read_adc
                0x00000000000001ec                sample_clk_data
                0x0000000000000336                wait_for_clock
                0x0000000000000368                rx_byte
                0x00000000000003be                rx_ihex
                0x00000000000004ae                delay_column
                0x00000000000004d8                show_messages
                0x00000000000005c4                main
 .text          0x000000000000086a        0x0 /usr/lib/gcc/avr/4.5.3/avr25/libgcc.a(_mulqi3.o)
 .text          0x000000000000086a        0x0 /usr/lib/gcc/avr/4.5.3/avr25/libgcc.a(_divmodsi4.o)
 .text          0x000000000000086a        0x0 /usr/lib/gcc/avr/4.5.3/avr25/libgcc.a(_exit.o)
 .text          0x000000000000086a        0x0 /usr/lib/gcc/avr/4.5.3/avr25/libgcc.a(_clear_bss.o)
 .text          0x000000000000086a        0x0 /usr/lib/gcc/avr/4.5.3/avr25/libgcc.a(_udivmodsi4.o)
 .text          0x000000000000086a        0x0 /usr/lib/gcc/avr/4.5.3/../../../avr/lib/avr25/libc.a(memcpy.o)
 .text          0x000000000000086a        0x0 /usr/lib/gcc/avr/4.5.3/../../../avr/lib/avr25/libc.a(memset.o)
 .text          0x000000000000086a        0x0 /usr/lib/gcc/avr/4.5.3/../../../avr/lib/avr25/libc.a(eerd_block_attiny44.o)
 .text          0x000000000000086a        0x0 /usr/lib/gcc/avr/4.5.3/../../../avr/lib/avr25/libc.a(eerd_byte_attiny44.o)
 .text          0x000000000000086a        0x0 /usr/lib/gcc/avr/4.5.3/../../../avr/lib/avr25/libc.a(eewr_block_attiny44.o)
 .text          0x000000000000086a        0x0 /usr/lib/gcc/avr/4.5.3/../../../avr/lib/avr25/libc.a(eewr_byte_attiny44.o)
                0x000000000000086a                . = ALIGN (0x2)
 *(.text.*)
 .text.libgcc   0x000000000000086a       0x12 /usr/lib/gcc/avr/4.5.3/avr25/libgcc.a(_mulqi3.o)
                0x000000000000086a                __mulqi3
 .text.libgcc   0x000000000000087c       0x36 /usr/lib/gcc/avr/4.5.3/avr25/libgcc.a(_divmodsi4.o)
                0x000000000000087c                __divmodsi4
 .text.libgcc   0x00000000000008b2        0x0 /usr/lib/gcc/avr/4.5.3/avr25/libgcc.a(_exit.o)
 .text.libgcc   0x00000000000008b2        0x0 /usr/lib/gcc/avr/4.5.3/avr25/libgcc.a(_clear_bss.o)
 .text.libgcc   0x00000000000008b2       0x44 /usr/lib/gcc/avr/4.5.3/avr25/libgcc.a(_udivmodsi4.o)
                0x00000000000008b2                __udivmodsi4
 .text.avr-libc
                0x00000000000008f6       0x12 /usr/lib/gcc/avr/4.5.3/../../../avr/lib/avr25/libc.a(memcpy.o)
                0x00000000000008f6                memcpy
 .text.avr-libc
                0x0000000000000908        0xe /usr/lib/gcc/avr/4.5.3/../../../avr/lib/avr25/libc.a(memset.o)
                0x0000000000000908                memset
 .text.avr-libc
                0x0000000000000916       0x1e /usr/lib/gcc/avr/4.5.3/../../../avr/lib/avr25/libc.a(eerd_block_attiny44.o)
                0x0000000000000916                __eerd_block_tn44
                0x000000000000091a                __eerd_blraw_tn44
 .text.avr-libc
                0x0000000000000934       0x10 /usr/lib/gcc/avr/4.5.3/../../../avr/lib/avr25/libc.a(eerd_byte_attiny44.o)
                0x0000000000000934                __eerd_byte_tn44
 .text.avr-libc
                0x0000000000000944       0x10 /usr/lib/gcc/avr/4.5.3/../../../avr/lib/avr25/libc.a(eewr_block_attiny44.o)
                0x0000000000000944                __eewr_block_tn44
 .text.avr-libc
                0x0000000000000954       0x1c /usr/lib/gcc/avr/4.5.3/../../../avr/lib/avr25/libc.a(eewr_byte_attiny44.o)
                0x0000000000000954                __eewr_byte_tn44
                0x0000000000000956                __eewr_r18_tn44
                0x0000000000000970                . = ALIGN (0x2)
 *(.fini9)
 .fini9         0x0000000000000970        0x0 /usr/lib/gcc/avr/4.5.3/avr25/libgcc.a(_exit.o)
                0x0000000000000970                exit
                0x0000000000000970                _exit
 *(.fini9)
 *(.fini8)
 *(.fini8)
 *(.fini7)
 *(.fini7)
 *(.fini6)
 *(.fini6)
 *(.fini5)
 *(.fini5)
 *(.fini4)
 *(.fini4)
 *(.fini3)
 *(.fini3)
 *(.fini2)
 *(.fini2)
 *(.fini1)
 *(.fini1)
 *(.fini0)
 .fini0         0x0000000000000970        0x4 /usr/lib/gcc/avr/4.5.3/avr25/libgcc.a(_exit.o)
 *(.fini0)
                0x0000000000000974                _etext = .

.data           0x0000000000800060        0x0 load address 0x0000000000000974
                0x0000000000800060                PROVIDE (__data_start, .)
 *(.data)
 .data          0x0000000000800060        0x0 /usr/lib/gcc/avr/4.5.3/../../../avr/lib/avr25/crttn44.o
 .data          0x0000000000800060        0x0 main.o
 .data          0x0000000000800060        0x0 /usr/lib/gcc/avr/4.5.3/avr25/libgcc.a(_mulqi3.o)
 .data          0x0000000000800060        0x0 /usr/lib/gcc/avr/4.5.3/avr25/libgcc.a(_divmodsi4.o)
 .data          0x0000000000800060        0x0 /usr/lib/gcc/avr/4.5.3/avr25/libgcc.a(_exit.o)
 .data          0x0000000000800060        0x0 /usr/lib/gcc/avr/4.5.3/avr25/libgcc.a(_clear_bss.o)
 .data          0x0000000000800060        0x0 /usr/lib/gcc/avr/4.5.3/avr25/libgcc.a(_udivmodsi4.o)
 .data          0x0000000000800060        0x0 /usr/lib/gcc/avr/4.5.3/../../../avr/lib/avr25/libc.a(memcpy.o)
 .data          0x0000000000800060        0x0 /usr/lib/gcc/avr/4.5.3/../../../avr/lib/avr25/libc.a(memset.o)
 .data          0x0000000000800060        0x0 /usr/lib/gcc/avr/4.5.3/../../../avr/lib/avr25/libc.a(eerd_block_attiny44.o)
 .data          0x0000000000800060        0x0 /usr/lib/gcc/avr/4.5.3/../../../avr/lib/avr25/libc.a(eerd_byte_attiny44.o)
 .data          0x0000000000800060        0x0 /usr/lib/gcc/avr/4.5.3/../../../avr/lib/avr25/libc.a(eewr_block_attiny44.o)
 .data          0x0000000000800060        0x0 /usr/lib/gcc/avr/4.5.3/../../../avr/lib/avr25/libc.a(eewr_byte_attiny44.o)
 *(.data*)
 *(.rodata)
 *(.rodata*)
 *(.gnu.linkonce.d*)
                0x0000000000800060                . = ALIGN (0x2)
                0x0000000000800060                _edata = .
                0x0000000000800060                PROVIDE (__data_end, .)

.bss            0x0000000000800060       0xad
                0x0000000000800060                PROVIDE (__bss_start, .)
 *(.bss)
 .bss           0x0000000000800060        0x0 /usr/lib/gcc/avr/4.5.3/../../../avr/lib/avr25/crttn44.o
 .bss           0x0000000000800060       0xad main.o
 .bss           0x000000000080010d        0x0 /usr/lib/gcc/avr/4.5.3/avr25/libgcc.a(_mulqi3.o)
 .bss           0x000000000080010d        0x0 /usr/lib/gcc/avr/4.5.3/avr25/libgcc.a(_divmodsi4.o)
 .bss           0x000000000080010d        0x0 /usr/lib/gcc/avr/4.5.3/avr25/libgcc.a(_exit.o)
 .bss           0x000000000080010d        0x0 /usr/lib/gcc/avr/4.5.3/avr25/libgcc.a(_clear_bss.o)
 .bss           0x000000000080010d        0x0 /usr/lib/gcc/avr/4.5.3/avr25/libgcc.a(_udivmodsi4.o)
 .bss           0x000000000080010d        0x0 /usr/lib/gcc/avr/4.5.3/../../../avr/lib/avr25/libc.a(memcpy.o)
 .bss           0x000000000080010d        0x0 /usr/lib/gcc/avr/4.5.3/../../../avr/lib/avr25/libc.a(memset.o)
 .bss           0x000000000080010d        0x0 /usr/lib/gcc/avr/4.5.3/../../../avr/lib/avr25/libc.a(eerd_block_attiny44.o)
 .bss           0x000000000080010d        0x0 /usr/lib/gcc/avr/4.5.3/../../../avr/lib/avr25/libc.a(eerd_byte_attiny44.o)
 .bss           0x000000000080010d        0x0 /usr/lib/gcc/avr/4.5.3/../../../avr/lib/avr25/libc.a(eewr_block_attiny44.o)
 .bss           0x000000000080010d        0x0 /usr/lib/gcc/avr/4.5.3/../../../avr/lib/avr25/libc.a(eewr_byte_attiny44.o)
 *(.bss*)
 *(COMMON)
                0x000000000080010d                PROVIDE (__bss_end, .)
                0x0000000000000974                __data_load_start = LOADADDR (.data)
                0x0000000000000974                __data_load_end = (__data_load_start + SIZEOF (.data))

.noinit         0x000000000080010d        0x0
                0x000000000080010d                PROVIDE (__noinit_start, .)
 *(.noinit*)
                0x000000000080010d                PROVIDE (__noinit_end, .)
                0x000000000080010d                _end = .
                0x000000000080010d                PROVIDE (__heap_start, .)

.eeprom         0x0000000000810000        0x0
 *(.eeprom*)
                0x0000000000810000                __eeprom_end = .

.fuse
 *(.fuse)
 *(.lfuse)
 *(.hfuse)
 *(.efuse)

.lock
 *(.lock*)

.signature
 *(.signature*)

.stab           0x0000000000000000     0x1ddc
 *(.stab)
 .stab          0x0000000000000000      0x6cc /usr/lib/gcc/avr/4.5.3/../../../avr/lib/avr25/crttn44.o
 .stab          0x00000000000006cc     0x132c main.o
                                       0x1338 (size before relaxing)
 .stab          0x00000000000019f8       0x84 /usr/lib/gcc/avr/4.5.3/../../../avr/lib/avr25/libc.a(memcpy.o)
                                         0x90 (size before relaxing)
 .stab          0x0000000000001a7c       0x6c /usr/lib/gcc/avr/4.5.3/../../../avr/lib/avr25/libc.a(memset.o)
                                         0x78 (size before relaxing)
 .stab          0x0000000000001ae8       0xf0 /usr/lib/gcc/avr/4.5.3/../../../avr/lib/avr25/libc.a(eerd_block_attiny44.o)
                                         0xfc (size before relaxing)
 .stab          0x0000000000001bd8       0x90 /usr/lib/gcc/avr/4.5.3/../../../avr/lib/avr25/libc.a(eerd_byte_attiny44.o)
                                         0x9c (size before relaxing)
 .stab          0x0000000000001c68       0x90 /usr/lib/gcc/avr/4.5.3/../../../avr/lib/avr25/libc.a(eewr_block_attiny44.o)
                                         0x9c (size before relaxing)
 .stab          0x0000000000001cf8       0xe4 /usr/lib/gcc/avr/4.5.3/../../../avr/lib/avr25/libc.a(eewr_byte_attiny44.o)
                                         0xf0 (size before relaxing)

.stabstr        0x0000000000000000      0xe63
 *(.stabstr)
 .stabstr       0x0000000000000000      0xe63 /usr/lib/gcc/avr/4.5.3/../../../avr/lib/avr25/crttn44.o

.stab.excl
 *(.stab.excl)

.stab.exclstr
 *(.stab.exclstr)

.stab.index
 *(.stab.index)

.stab.indexstr
 *(.stab.indexstr)

.comment
 *(.comment)

.debug
 *(.debug)

.line
 *(.line)

.debug_srcinfo
 *(.debug_srcinfo)

.debug_sfnames
 *(.debug_sfnames)

.debug_aranges
 *(.debug_aranges)

.debug_pubnames
 *(.debug_pubnames)

.debug_info
 *(.debug_info)
 *(.gnu.linkonce.wi.*)

.debug_abbrev
 *(.debug_abbrev)

.debug_line
 *(.debug_line)

.debug_frame
 *(.debug_frame)

.debug_str
 *(.debug_str)

.debug_loc
 *(.debug_loc)

.debug_macinfo
 *(.debug_macinfo)
OUTPUT(main.elf elf32-avr)
LOAD linker stubs

Cross Reference Table

Symbol                                            File
__bad_interrupt                                   /usr/lib/gcc/avr/4.5.3/../../../avr/lib/avr25/crttn44.o
__bss_end                                         /usr/lib/gcc/avr/4.5.3/avr25/libgcc.a(_clear_bss.o)
__bss_start                                       /usr/lib/gcc/avr/4.5.3/avr25/libgcc.a(_clear_bss.o)
__divmodsi4                                       /usr/lib/gcc/avr/4.5.3/avr25/libgcc.a(_divmodsi4.o)
                                                  main.o
__do_clear_bss                                    /usr/lib/gcc/avr/4.5.3/avr25/libgcc.a(_clear_bss.o)
                                                  main.o
__eerd_block_tn44                                 /usr/lib/gcc/avr/4.5.3/../../../avr/lib/avr25/libc.a(eerd_block_attiny44.o)
                                                  main.o
__eerd_blraw_tn44                                 /usr/lib/gcc/avr/4.5.3/../../../avr/lib/avr25/libc.a(eerd_block_attiny44.o)
__eerd_byte_tn44                                  /usr/lib/gcc/avr/4.5.3/../../../avr/lib/avr25/libc.a(eerd_byte_attiny44.o)
                                                  main.o
__eewr_block_tn44                                 /usr/lib/gcc/avr/4.5.3/../../../avr/lib/avr25/libc.a(eewr_block_attiny44.o)
                                                  main.o
__eewr_byte_tn44                                  /usr/lib/gcc/avr/4.5.3/../../../avr/lib/avr25/libc.a(eewr_byte_attiny44.o)
                                                  main.o
__eewr_r18_tn44                                   /usr/lib/gcc/avr/4.5.3/../../../avr/lib/avr25/libc.a(eewr_byte_attiny44.o)
                                                  /usr/lib/gcc/avr/4.5.3/../../../avr/lib/avr25/libc.a(eewr_block_attiny44.o)
__heap_end                                        /usr/lib/gcc/avr/4.5.3/../../../avr/lib/avr25/crttn44.o
__init                                            /usr/lib/gcc/avr/4.5.3/../../../avr/lib/avr25/crttn44.o
__mulqi3                                          /usr/lib/gcc/avr/4.5.3/avr25/libgcc.a(_mulqi3.o)
                                                  main.o
__stack                                           /usr/lib/gcc/avr/4.5.3/../../../avr/lib/avr25/crttn44.o
__udivmodsi4                                      /usr/lib/gcc/avr/4.5.3/avr25/libgcc.a(_udivmodsi4.o)
                                                  /usr/lib/gcc/avr/4.5.3/avr25/libgcc.a(_divmodsi4.o)
__vector_1                                        /usr/lib/gcc/avr/4.5.3/../../../avr/lib/avr25/crttn44.o
__vector_10                                       /usr/lib/gcc/avr/4.5.3/../../../avr/lib/avr25/crttn44.o
__vector_11                                       /usr/lib/gcc/avr/4.5.3/../../../avr/lib/avr25/crttn44.o
__vector_12                                       /usr/lib/gcc/avr/4.5.3/../../../avr/lib/avr25/crttn44.o
__vector_13                                       /usr/lib/gcc/avr/4.5.3/../../../avr/lib/avr25/crttn44.o
__vector_14                                       /usr/lib/gcc/avr/4.5.3/../../../avr/lib/avr25/crttn44.o
__vector_15                                       /usr/lib/gcc/avr/4.5.3/../../../avr/lib/avr25/crttn44.o
__vector_16                                       /usr/lib/gcc/avr/4.5.3/../../../avr/lib/avr25/crttn44.o
__vector_2                                        /usr/lib/gcc/avr/4.5.3/../../../avr/lib/avr25/crttn44.o
__vector_3                                        /usr/lib/gcc/avr/4.5.3/../../../avr/lib/avr25/crttn44.o
__vector_4                                        /usr/lib/gcc/avr/4.5.3/../../../avr/lib/avr25/crttn44.o
__vector_5                                        /usr/lib/gcc/avr/4.5.3/../../../avr/lib/avr25/crttn44.o
__vector_6                                        /usr/lib/gcc/avr/4.5.3/../../../avr/lib/avr25/crttn44.o
__vector_7                                        /usr/lib/gcc/avr/4.5.3/../../../avr/lib/avr25/crttn44.o
__vector_8                                        /usr/lib/gcc/avr/4.5.3/../../../avr/lib/avr25/crttn44.o
__vector_9                                        /usr/lib/gcc/avr/4.5.3/../../../avr/lib/avr25/crttn44.o
__vector_default                                  /usr/lib/gcc/avr/4.5.3/../../../avr/lib/avr25/crttn44.o
__vectors                                         /usr/lib/gcc/avr/4.5.3/../../../avr/lib/avr25/crttn44.o
_exit                                             /usr/lib/gcc/avr/4.5.3/avr25/libgcc.a(_exit.o)
delay_column                                      main.o
exit                                              /usr/lib/gcc/avr/4.5.3/avr25/libgcc.a(_exit.o)
                                                  /usr/lib/gcc/avr/4.5.3/../../../avr/lib/avr25/crttn44.o
font_table                                        main.o
led_port_code                                     main.o
main                                              main.o
                                                  /usr/lib/gcc/avr/4.5.3/../../../avr/lib/avr25/crttn44.o
memcpy                                            /usr/lib/gcc/avr/4.5.3/../../../avr/lib/avr25/libc.a(memcpy.o)
                                                  main.o
memset                                            /usr/lib/gcc/avr/4.5.3/../../../avr/lib/avr25/libc.a(memset.o)
                                                  main.o
read_adc                                          main.o
rx_byte                                           main.o
rx_ihex                                           main.o
sample_clk_data                                   main.o
show_messages                                     main.o
wait_for_clock                                    main.o
